
CompilerError: Stack too deep. Try compiling with `--via-ir` (cli) or the equivalent `viaIR: true` (standard JSON) while enabling the optimizer. Otherwise, try removing local variables. When compiling inline assembly: Variable value0 is 1 slot(s) too deep inside the stack. Stack too deep. Try compiling with `--via-ir` (cli) or the equivalent `viaIR: true` (standard JSON) while enabling the optimizer. Otherwise, try removing local variables.

Error HHE910: Compilation failed

For more info go to https://hardhat.org/HHE910 or run Hardhat with --show-stack-traces
